http_interactions:
- request:
    method: get
    uri: https://api.opencagedata.com/geocode/v1/json?q=Nantes&bounds=-72%2C45%2C-70%2C46&limit=1&no_annotations=1&roadinfo=0&no_dedupe=0&no_record=1&abbrv=0&add_request=1&key=<<<oc_api_key>>>
    body:
      encoding: ''
      string: ''
    headers:
      Accept-Encoding: gzip, deflate
      Accept: application/json, text/xml, application/xml, */*
      User-Agent: <https://github.com/ropensci/opencage>, version 0.2.1.9000
  response:
    status:
      status_code: '200'
      message: OK
      explanation: Request fulfilled, document follows
    headers:
      status: HTTP/1.1 200 OK
      date: Mon, 15 Feb 2021 20:31:05 GMT
      server: Apache
      access-control-allow-origin: '*'
      vary: Accept-Encoding
      content-encoding: gzip
      x-frame-options: DENY
      x-xss-protection: 1; mode=block
      content-length: '672'
      content-type: application/json; charset=utf-8
      strict-transport-security: max-age=31536000; includeSubDomains; preload
    body:
      encoding: UTF-8
      file: no
      string: '{"documentation":"https://opencagedata.com/api","licenses":[{"name":"see
        attribution guide","url":"https://opencagedata.com/credits"}],"request":{"abbrv":0,"add_request":1,"bounds":"-72,45,-70,46","format":"json","key":"<<<oc_api_key>>>","language":"en","limit":1,"min_confidence":0,"no_annotations":1,"no_dedupe":0,"no_record":1,"pretty":0,"proximity":"","query":"Nantes","roadinfo":0,"version":"v1"},"results":[{"bounds":{"northeast":{"lat":45.7013274,"lng":-70.8932653},"southwest":{"lat":45.568547,"lng":-71.1093148}},"components":{"ISO_3166-1_alpha-2":"CA","ISO_3166-1_alpha-3":"CAN","_category":"place","_type":"village","continent":"North
        America","country":"Canada","country_code":"ca","county":"Le Granit","region":"Estrie","state":"Quebec","state_code":"QC","village":"Nantes"},"confidence":5,"formatted":"Nantes,
        QC, Canada","geometry":{"lat":45.6303741,"lng":-71.0208502}}],"status":{"code":200,"message":"OK"},"stay_informed":{"blog":"https://blog.opencagedata.com","twitter":"https://twitter.com/OpenCage"},"thanks":"For
        using an OpenCage API","timestamp":{"created_http":"Mon, 15 Feb 2021 20:31:05
        GMT","created_unix":1613421065},"total_results":1}'
  recorded_at: 2021-02-15 20:31:31 GMT
  recorded_with: vcr/0.6.0, webmockr/0.7.4
- request:
    method: get
    uri: https://api.opencagedata.com/geocode/v1/json?q=Flensburg&bounds=-98%2C43%2C-90%2C49&limit=1&no_annotations=1&roadinfo=0&no_dedupe=0&no_record=1&abbrv=0&add_request=1&key=<<<oc_api_key>>>
    body:
      encoding: ''
      string: ''
    headers:
      Accept-Encoding: gzip, deflate
      Accept: application/json, text/xml, application/xml, */*
      User-Agent: <https://github.com/ropensci/opencage>, version 0.2.1.9000
  response:
    status:
      status_code: '200'
      message: OK
      explanation: Request fulfilled, document follows
    headers:
      status: HTTP/1.1 200 OK
      date: Mon, 15 Feb 2021 20:31:07 GMT
      server: Apache
      access-control-allow-origin: '*'
      vary: Accept-Encoding
      content-encoding: gzip
      x-frame-options: DENY
      x-xss-protection: 1; mode=block
      content-length: '682'
      content-type: application/json; charset=utf-8
      strict-transport-security: max-age=31536000; includeSubDomains; preload
    body:
      encoding: UTF-8
      file: no
      string: '{"documentation":"https://opencagedata.com/api","licenses":[{"name":"see
        attribution guide","url":"https://opencagedata.com/credits"}],"request":{"abbrv":0,"add_request":1,"bounds":"-98,43,-90,49","format":"json","key":"<<<oc_api_key>>>","language":"en","limit":1,"min_confidence":0,"no_annotations":1,"no_dedupe":0,"no_record":1,"pretty":0,"proximity":"","query":"Flensburg","roadinfo":0,"version":"v1"},"results":[{"bounds":{"northeast":{"lat":45.96263,"lng":-94.49328},"southwest":{"lat":45.933386,"lng":-94.566634}},"components":{"ISO_3166-1_alpha-2":"US","ISO_3166-1_alpha-3":"USA","_category":"place","_type":"village","continent":"North
        America","country":"United States","country_code":"us","county":"Morrison
        County","postcode":"56328","state":"Minnesota","state_code":"MN","village":"Flensburg"},"confidence":7,"formatted":"Flensburg,
        MN 56328, United States of America","geometry":{"lat":45.9552432,"lng":-94.5350089}}],"status":{"code":200,"message":"OK"},"stay_informed":{"blog":"https://blog.opencagedata.com","twitter":"https://twitter.com/OpenCage"},"thanks":"For
        using an OpenCage API","timestamp":{"created_http":"Mon, 15 Feb 2021 20:31:07
        GMT","created_unix":1613421067},"total_results":1}'
  recorded_at: 2021-02-15 20:31:31 GMT
  recorded_with: vcr/0.6.0, webmockr/0.7.4
- request:
    method: get
    uri: https://api.opencagedata.com/geocode/v1/json?q=Los%20Angeles&bounds=-73%2C-38%2C-71%2C-36&limit=1&no_annotations=1&roadinfo=0&no_dedupe=0&no_record=1&abbrv=0&add_request=1&key=<<<oc_api_key>>>
    body:
      encoding: ''
      string: ''
    headers:
      Accept-Encoding: gzip, deflate
      Accept: application/json, text/xml, application/xml, */*
      User-Agent: <https://github.com/ropensci/opencage>, version 0.2.1.9000
  response:
    status:
      status_code: '200'
      message: OK
      explanation: Request fulfilled, document follows
    headers:
      status: HTTP/1.1 200 OK
      date: Mon, 15 Feb 2021 20:31:08 GMT
      server: Apache
      access-control-allow-origin: '*'
      vary: Accept-Encoding
      content-encoding: gzip
      x-frame-options: DENY
      x-xss-protection: 1; mode=block
      content-length: '682'
      content-type: application/json; charset=utf-8
      strict-transport-security: max-age=31536000; includeSubDomains; preload
    body:
      encoding: UTF-8
      file: no
      string: '{"documentation":"https://opencagedata.com/api","licenses":[{"name":"see
        attribution guide","url":"https://opencagedata.com/credits"}],"request":{"abbrv":0,"add_request":1,"bounds":"-73,-38,-71,-36","format":"json","key":"<<<oc_api_key>>>","language":"en","limit":1,"min_confidence":0,"no_annotations":1,"no_dedupe":0,"no_record":1,"pretty":0,"proximity":"","query":"Los
        Angeles","roadinfo":0,"version":"v1"},"results":[{"bounds":{"northeast":{"lat":-37.1785281,"lng":-72.03901},"southwest":{"lat":-37.6629358,"lng":-72.6836424}},"components":{"ISO_3166-1_alpha-2":"CL","ISO_3166-1_alpha-3":"CHL","_category":"place","_type":"city","city":"Los
        \u00c1ngeles","continent":"South America","country":"Chile","country_code":"cl","county":"Provincia
        de B\u00edo-B\u00edo","state":"Biob\u00edo Region"},"confidence":1,"formatted":"Los
        \u00c1ngeles, Provincia de B\u00edo-B\u00edo, Chile","geometry":{"lat":-37.4707455,"lng":-72.351686}}],"status":{"code":200,"message":"OK"},"stay_informed":{"blog":"https://blog.opencagedata.com","twitter":"https://twitter.com/OpenCage"},"thanks":"For
        using an OpenCage API","timestamp":{"created_http":"Mon, 15 Feb 2021 20:31:08
        GMT","created_unix":1613421068},"total_results":1}'
  recorded_at: 2021-02-15 20:31:31 GMT
  recorded_with: vcr/0.6.0, webmockr/0.7.4
- request:
    method: get
    uri: https://api.opencagedata.com/geocode/v1/json?q=Nantes&proximity=45.5%2C-71&limit=1&no_annotations=1&roadinfo=0&no_dedupe=0&no_record=1&abbrv=0&add_request=1&key=<<<oc_api_key>>>
    body:
      encoding: ''
      string: ''
    headers:
      Accept-Encoding: gzip, deflate
      Accept: application/json, text/xml, application/xml, */*
      User-Agent: <https://github.com/ropensci/opencage>, version 0.2.1.9000
  response:
    status:
      status_code: '200'
      message: OK
      explanation: Request fulfilled, document follows
    headers:
      status: HTTP/1.1 200 OK
      date: Mon, 15 Feb 2021 20:31:09 GMT
      server: Apache
      access-control-allow-origin: '*'
      vary: Accept-Encoding
      content-encoding: gzip
      x-frame-options: DENY
      x-xss-protection: 1; mode=block
      content-length: '666'
      content-type: application/json; charset=utf-8
      strict-transport-security: max-age=31536000; includeSubDomains; preload
    body:
      encoding: UTF-8
      file: no
      string: '{"documentation":"https://opencagedata.com/api","licenses":[{"name":"see
        attribution guide","url":"https://opencagedata.com/credits"}],"request":{"abbrv":0,"add_request":1,"format":"json","key":"<<<oc_api_key>>>","language":"en","limit":1,"min_confidence":0,"no_annotations":1,"no_dedupe":0,"no_record":1,"pretty":0,"proximity":"45.5
        -71.0","query":"Nantes","roadinfo":0,"version":"v1"},"results":[{"bounds":{"northeast":{"lat":45.7013274,"lng":-70.8932653},"southwest":{"lat":45.568547,"lng":-71.1093148}},"components":{"ISO_3166-1_alpha-2":"CA","ISO_3166-1_alpha-3":"CAN","_category":"place","_type":"village","continent":"North
        America","country":"Canada","country_code":"ca","county":"Le Granit","region":"Estrie","state":"Quebec","state_code":"QC","village":"Nantes"},"confidence":5,"formatted":"Nantes,
        QC, Canada","geometry":{"lat":45.6303741,"lng":-71.0208502}}],"status":{"code":200,"message":"OK"},"stay_informed":{"blog":"https://blog.opencagedata.com","twitter":"https://twitter.com/OpenCage"},"thanks":"For
        using an OpenCage API","timestamp":{"created_http":"Mon, 15 Feb 2021 20:31:09
        GMT","created_unix":1613421069},"total_results":1}'
  recorded_at: 2021-02-15 20:31:31 GMT
  recorded_with: vcr/0.6.0, webmockr/0.7.4
- request:
    method: get
    uri: https://api.opencagedata.com/geocode/v1/json?q=Flensburg&proximity=46%2C-95&limit=1&no_annotations=1&roadinfo=0&no_dedupe=0&no_record=1&abbrv=0&add_request=1&key=<<<oc_api_key>>>
    body:
      encoding: ''
      string: ''
    headers:
      Accept-Encoding: gzip, deflate
      Accept: application/json, text/xml, application/xml, */*
      User-Agent: <https://github.com/ropensci/opencage>, version 0.2.1.9000
  response:
    status:
      status_code: '200'
      message: OK
      explanation: Request fulfilled, document follows
    headers:
      status: HTTP/1.1 200 OK
      date: Mon, 15 Feb 2021 20:31:10 GMT
      server: Apache
      access-control-allow-origin: '*'
      vary: Accept-Encoding
      content-encoding: gzip
      x-frame-options: DENY
      x-xss-protection: 1; mode=block
      content-length: '675'
      content-type: application/json; charset=utf-8
      strict-transport-security: max-age=31536000; includeSubDomains; preload
    body:
      encoding: UTF-8
      file: no
      string: '{"documentation":"https://opencagedata.com/api","licenses":[{"name":"see
        attribution guide","url":"https://opencagedata.com/credits"}],"request":{"abbrv":0,"add_request":1,"format":"json","key":"<<<oc_api_key>>>","language":"en","limit":1,"min_confidence":0,"no_annotations":1,"no_dedupe":0,"no_record":1,"pretty":0,"proximity":"46.0
        -95.0","query":"Flensburg","roadinfo":0,"version":"v1"},"results":[{"bounds":{"northeast":{"lat":45.96263,"lng":-94.49328},"southwest":{"lat":45.933386,"lng":-94.566634}},"components":{"ISO_3166-1_alpha-2":"US","ISO_3166-1_alpha-3":"USA","_category":"place","_type":"village","continent":"North
        America","country":"United States","country_code":"us","county":"Morrison
        County","postcode":"56328","state":"Minnesota","state_code":"MN","village":"Flensburg"},"confidence":7,"formatted":"Flensburg,
        MN 56328, United States of America","geometry":{"lat":45.9552432,"lng":-94.5350089}}],"status":{"code":200,"message":"OK"},"stay_informed":{"blog":"https://blog.opencagedata.com","twitter":"https://twitter.com/OpenCage"},"thanks":"For
        using an OpenCage API","timestamp":{"created_http":"Mon, 15 Feb 2021 20:31:10
        GMT","created_unix":1613421070},"total_results":1}'
  recorded_at: 2021-02-15 20:31:31 GMT
  recorded_with: vcr/0.6.0, webmockr/0.7.4
- request:
    method: get
    uri: https://api.opencagedata.com/geocode/v1/json?q=Los%20Angeles&proximity=-37%2C-72&limit=1&no_annotations=1&roadinfo=0&no_dedupe=0&no_record=1&abbrv=0&add_request=1&key=<<<oc_api_key>>>
    body:
      encoding: ''
      string: ''
    headers:
      Accept-Encoding: gzip, deflate
      Accept: application/json, text/xml, application/xml, */*
      User-Agent: <https://github.com/ropensci/opencage>, version 0.2.1.9000
  response:
    status:
      status_code: '200'
      message: OK
      explanation: Request fulfilled, document follows
    headers:
      status: HTTP/1.1 200 OK
      date: Mon, 15 Feb 2021 20:31:12 GMT
      server: Apache
      access-control-allow-origin: '*'
      vary: Accept-Encoding
      content-encoding: gzip
      x-frame-options: DENY
      x-xss-protection: 1; mode=block
      content-length: '672'
      content-type: application/json; charset=utf-8
      strict-transport-security: max-age=31536000; includeSubDomains; preload
    body:
      encoding: UTF-8
      file: no
      string: '{"documentation":"https://opencagedata.com/api","licenses":[{"name":"see
        attribution guide","url":"https://opencagedata.com/credits"}],"request":{"abbrv":0,"add_request":1,"format":"json","key":"<<<oc_api_key>>>","language":"en","limit":1,"min_confidence":0,"no_annotations":1,"no_dedupe":0,"no_record":1,"pretty":0,"proximity":"-37.0
        -72.0","query":"Los Angeles","roadinfo":0,"version":"v1"},"results":[{"bounds":{"northeast":{"lat":-37.1785281,"lng":-72.03901},"southwest":{"lat":-37.6629358,"lng":-72.6836424}},"components":{"ISO_3166-1_alpha-2":"CL","ISO_3166-1_alpha-3":"CHL","_category":"place","_type":"city","city":"Los
        \u00c1ngeles","continent":"South America","country":"Chile","country_code":"cl","county":"Provincia
        de B\u00edo-B\u00edo","state":"Biob\u00edo Region"},"confidence":1,"formatted":"Los
        \u00c1ngeles, Provincia de B\u00edo-B\u00edo, Chile","geometry":{"lat":-37.4707455,"lng":-72.351686}}],"status":{"code":200,"message":"OK"},"stay_informed":{"blog":"https://blog.opencagedata.com","twitter":"https://twitter.com/OpenCage"},"thanks":"For
        using an OpenCage API","timestamp":{"created_http":"Mon, 15 Feb 2021 20:31:12
        GMT","created_unix":1613421072},"total_results":1}'
  recorded_at: 2021-02-15 20:31:31 GMT
  recorded_with: vcr/0.6.0, webmockr/0.7.4
- request:
    method: get
    uri: https://api.opencagedata.com/geocode/v1/json?q=Nantes&countrycode=ca&limit=1&no_annotations=1&roadinfo=0&no_dedupe=0&no_record=1&abbrv=0&add_request=1&key=<<<oc_api_key>>>
    body:
      encoding: ''
      string: ''
    headers:
      Accept-Encoding: gzip, deflate
      Accept: application/json, text/xml, application/xml, */*
      User-Agent: <https://github.com/ropensci/opencage>, version 0.2.1.9000
  response:
    status:
      status_code: '200'
      message: OK
      explanation: Request fulfilled, document follows
    headers:
      status: HTTP/1.1 200 OK
      date: Mon, 15 Feb 2021 20:31:13 GMT
      server: Apache
      access-control-allow-origin: '*'
      vary: Accept-Encoding
      content-encoding: gzip
      x-frame-options: DENY
      x-xss-protection: 1; mode=block
      content-length: '667'
      content-type: application/json; charset=utf-8
      strict-transport-security: max-age=31536000; includeSubDomains; preload
    body:
      encoding: UTF-8
      file: no
      string: '{"documentation":"https://opencagedata.com/api","licenses":[{"name":"see
        attribution guide","url":"https://opencagedata.com/credits"}],"request":{"abbrv":0,"add_request":1,"countrycode":"ca","format":"json","key":"<<<oc_api_key>>>","language":"en","limit":1,"min_confidence":0,"no_annotations":1,"no_dedupe":0,"no_record":1,"pretty":0,"proximity":"","query":"Nantes","roadinfo":0,"version":"v1"},"results":[{"bounds":{"northeast":{"lat":45.7013274,"lng":-70.8932653},"southwest":{"lat":45.568547,"lng":-71.1093148}},"components":{"ISO_3166-1_alpha-2":"CA","ISO_3166-1_alpha-3":"CAN","_category":"place","_type":"village","continent":"North
        America","country":"Canada","country_code":"ca","county":"Le Granit","region":"Estrie","state":"Quebec","state_code":"QC","village":"Nantes"},"confidence":5,"formatted":"Nantes,
        QC, Canada","geometry":{"lat":45.6303741,"lng":-71.0208502}}],"status":{"code":200,"message":"OK"},"stay_informed":{"blog":"https://blog.opencagedata.com","twitter":"https://twitter.com/OpenCage"},"thanks":"For
        using an OpenCage API","timestamp":{"created_http":"Mon, 15 Feb 2021 20:31:13
        GMT","created_unix":1613421073},"total_results":1}'
  recorded_at: 2021-02-15 20:31:31 GMT
  recorded_with: vcr/0.6.0, webmockr/0.7.4
- request:
    method: get
    uri: https://api.opencagedata.com/geocode/v1/json?q=Flensburg&countrycode=us&limit=1&no_annotations=1&roadinfo=0&no_dedupe=0&no_record=1&abbrv=0&add_request=1&key=<<<oc_api_key>>>
    body:
      encoding: ''
      string: ''
    headers:
      Accept-Encoding: gzip, deflate
      Accept: application/json, text/xml, application/xml, */*
      User-Agent: <https://github.com/ropensci/opencage>, version 0.2.1.9000
  response:
    status:
      status_code: '200'
      message: OK
      explanation: Request fulfilled, document follows
    headers:
      status: HTTP/1.1 200 OK
      date: Mon, 15 Feb 2021 20:31:14 GMT
      server: Apache
      access-control-allow-origin: '*'
      vary: Accept-Encoding
      content-encoding: gzip
      x-frame-options: DENY
      x-xss-protection: 1; mode=block
      content-length: '673'
      content-type: application/json; charset=utf-8
      strict-transport-security: max-age=31536000; includeSubDomains; preload
    body:
      encoding: UTF-8
      file: no
      string: '{"documentation":"https://opencagedata.com/api","licenses":[{"name":"see
        attribution guide","url":"https://opencagedata.com/credits"}],"request":{"abbrv":0,"add_request":1,"countrycode":"us","format":"json","key":"<<<oc_api_key>>>","language":"en","limit":1,"min_confidence":0,"no_annotations":1,"no_dedupe":0,"no_record":1,"pretty":0,"proximity":"","query":"Flensburg","roadinfo":0,"version":"v1"},"results":[{"bounds":{"northeast":{"lat":45.96263,"lng":-94.49328},"southwest":{"lat":45.933386,"lng":-94.566634}},"components":{"ISO_3166-1_alpha-2":"US","ISO_3166-1_alpha-3":"USA","_category":"place","_type":"village","continent":"North
        America","country":"United States","country_code":"us","county":"Morrison
        County","postcode":"56328","state":"Minnesota","state_code":"MN","village":"Flensburg"},"confidence":7,"formatted":"Flensburg,
        MN 56328, United States of America","geometry":{"lat":45.9552432,"lng":-94.5350089}}],"status":{"code":200,"message":"OK"},"stay_informed":{"blog":"https://blog.opencagedata.com","twitter":"https://twitter.com/OpenCage"},"thanks":"For
        using an OpenCage API","timestamp":{"created_http":"Mon, 15 Feb 2021 20:31:14
        GMT","created_unix":1613421074},"total_results":1}'
  recorded_at: 2021-02-15 20:31:31 GMT
  recorded_with: vcr/0.6.0, webmockr/0.7.4
- request:
    method: get
    uri: https://api.opencagedata.com/geocode/v1/json?q=Los%20Angeles&countrycode=cl&limit=1&no_annotations=1&roadinfo=0&no_dedupe=0&no_record=1&abbrv=0&add_request=1&key=<<<oc_api_key>>>
    body:
      encoding: ''
      string: ''
    headers:
      Accept-Encoding: gzip, deflate
      Accept: application/json, text/xml, application/xml, */*
      User-Agent: <https://github.com/ropensci/opencage>, version 0.2.1.9000
  response:
    status:
      status_code: '200'
      message: OK
      explanation: Request fulfilled, document follows
    headers:
      status: HTTP/1.1 200 OK
      date: Mon, 15 Feb 2021 20:31:15 GMT
      server: Apache
      access-control-allow-origin: '*'
      vary: Accept-Encoding
      content-encoding: gzip
      x-frame-options: DENY
      x-xss-protection: 1; mode=block
      content-length: '673'
      content-type: application/json; charset=utf-8
      strict-transport-security: max-age=31536000; includeSubDomains; preload
    body:
      encoding: UTF-8
      file: no
      string: '{"documentation":"https://opencagedata.com/api","licenses":[{"name":"see
        attribution guide","url":"https://opencagedata.com/credits"}],"request":{"abbrv":0,"add_request":1,"countrycode":"cl","format":"json","key":"<<<oc_api_key>>>","language":"en","limit":1,"min_confidence":0,"no_annotations":1,"no_dedupe":0,"no_record":1,"pretty":0,"proximity":"","query":"Los
        Angeles","roadinfo":0,"version":"v1"},"results":[{"bounds":{"northeast":{"lat":-37.1785281,"lng":-72.03901},"southwest":{"lat":-37.6629358,"lng":-72.6836424}},"components":{"ISO_3166-1_alpha-2":"CL","ISO_3166-1_alpha-3":"CHL","_category":"place","_type":"city","city":"Los
        \u00c1ngeles","continent":"South America","country":"Chile","country_code":"cl","county":"Provincia
        de B\u00edo-B\u00edo","state":"Biob\u00edo Region"},"confidence":1,"formatted":"Los
        \u00c1ngeles, Provincia de B\u00edo-B\u00edo, Chile","geometry":{"lat":-37.4707455,"lng":-72.351686}}],"status":{"code":200,"message":"OK"},"stay_informed":{"blog":"https://blog.opencagedata.com","twitter":"https://twitter.com/OpenCage"},"thanks":"For
        using an OpenCage API","timestamp":{"created_http":"Mon, 15 Feb 2021 20:31:15
        GMT","created_unix":1613421075},"total_results":1}'
  recorded_at: 2021-02-15 20:31:31 GMT
  recorded_with: vcr/0.6.0, webmockr/0.7.4
- request:
    method: get
    uri: https://api.opencagedata.com/geocode/v1/json?q=Nantes&language=de&limit=1&no_annotations=1&roadinfo=0&no_dedupe=0&no_record=1&abbrv=0&add_request=1&key=<<<oc_api_key>>>
    body:
      encoding: ''
      string: ''
    headers:
      Accept-Encoding: gzip, deflate
      Accept: application/json, text/xml, application/xml, */*
      User-Agent: <https://github.com/ropensci/opencage>, version 0.2.1.9000
  response:
    status:
      status_code: '200'
      message: OK
      explanation: Request fulfilled, document follows
    headers:
      status: HTTP/1.1 200 OK
      date: Mon, 15 Feb 2021 20:31:17 GMT
      server: Apache
      access-control-allow-origin: '*'
      vary: Accept-Encoding
      content-encoding: gzip
      x-frame-options: DENY
      x-xss-protection: 1; mode=block
      content-length: '681'
      content-type: application/json; charset=utf-8
      strict-transport-security: max-age=31536000; includeSubDomains; preload
    body:
      encoding: UTF-8
      file: no
      string: '{"documentation":"https://opencagedata.com/api","licenses":[{"name":"see
        attribution guide","url":"https://opencagedata.com/credits"}],"request":{"abbrv":0,"add_request":1,"format":"json","key":"<<<oc_api_key>>>","language":"de","limit":1,"min_confidence":0,"no_annotations":1,"no_dedupe":0,"no_record":1,"pretty":0,"proximity":"","query":"Nantes","roadinfo":0,"version":"v1"},"results":[{"bounds":{"northeast":{"lat":47.2958583,"lng":-1.4788443},"southwest":{"lat":47.1805856,"lng":-1.6418115}},"components":{"ISO_3166-1_alpha-2":"FR","ISO_3166-1_alpha-3":"FRA","_category":"place","_type":"city","city":"Nantes","continent":"Europe","country":"Frankreich","country_code":"fr","county":"Loire-Atlantique","municipality":"Nantes","political_union":"European
        Union","state":"Pays de la Loire","state_code":"PDL"},"confidence":6,"formatted":"Nantes,
        Loire-Atlantique, Frankreich","geometry":{"lat":47.2186371,"lng":-1.5541362}}],"status":{"code":200,"message":"OK"},"stay_informed":{"blog":"https://blog.opencagedata.com","twitter":"https://twitter.com/OpenCage"},"thanks":"For
        using an OpenCage API","timestamp":{"created_http":"Mon, 15 Feb 2021 20:31:17
        GMT","created_unix":1613421077},"total_results":1}'
  recorded_at: 2021-02-15 20:31:31 GMT
  recorded_with: vcr/0.6.0, webmockr/0.7.4
- request:
    method: get
    uri: https://api.opencagedata.com/geocode/v1/json?q=Flensburg&language=fr&limit=1&no_annotations=1&roadinfo=0&no_dedupe=0&no_record=1&abbrv=0&add_request=1&key=<<<oc_api_key>>>
    body:
      encoding: ''
      string: ''
    headers:
      Accept-Encoding: gzip, deflate
      Accept: application/json, text/xml, application/xml, */*
      User-Agent: <https://github.com/ropensci/opencage>, version 0.2.1.9000
  response:
    status:
      status_code: '200'
      message: OK
      explanation: Request fulfilled, document follows
    headers:
      status: HTTP/1.1 200 OK
      date: Mon, 15 Feb 2021 20:31:18 GMT
      server: Apache
      access-control-allow-origin: '*'
      vary: Accept-Encoding
      content-encoding: gzip
      x-frame-options: DENY
      x-xss-protection: 1; mode=block
      content-length: '665'
      content-type: application/json; charset=utf-8
      strict-transport-security: max-age=31536000; includeSubDomains; preload
    body:
      encoding: UTF-8
      file: no
      string: '{"documentation":"https://opencagedata.com/api","licenses":[{"name":"see
        attribution guide","url":"https://opencagedata.com/credits"}],"request":{"abbrv":0,"add_request":1,"format":"json","key":"<<<oc_api_key>>>","language":"fr","limit":1,"min_confidence":0,"no_annotations":1,"no_dedupe":0,"no_record":1,"pretty":0,"proximity":"","query":"Flensburg","roadinfo":0,"version":"v1"},"results":[{"bounds":{"northeast":{"lat":54.8370717,"lng":9.5068117},"southwest":{"lat":54.7517986,"lng":9.3573409}},"components":{"ISO_3166-1_alpha-2":"DE","ISO_3166-1_alpha-3":"DEU","_category":"place","_type":"city","continent":"Europe","country":"Allemagne","country_code":"de","political_union":"European
        Union","state":"Schleswig-Holstein","state_code":"SH","town":"Flensbourg"},"confidence":7,"formatted":"Flensbourg,
        Schleswig-Holstein, Allemagne","geometry":{"lat":54.7833021,"lng":9.4333264}}],"status":{"code":200,"message":"OK"},"stay_informed":{"blog":"https://blog.opencagedata.com","twitter":"https://twitter.com/OpenCage"},"thanks":"For
        using an OpenCage API","timestamp":{"created_http":"Mon, 15 Feb 2021 20:31:18
        GMT","created_unix":1613421078},"total_results":1}'
  recorded_at: 2021-02-15 20:31:31 GMT
  recorded_with: vcr/0.6.0, webmockr/0.7.4
- request:
    method: get
    uri: https://api.opencagedata.com/geocode/v1/json?q=Los%20Angeles&language=ja&limit=1&no_annotations=1&roadinfo=0&no_dedupe=0&no_record=1&abbrv=0&add_request=1&key=<<<oc_api_key>>>
    body:
      encoding: ''
      string: ''
    headers:
      Accept-Encoding: gzip, deflate
      Accept: application/json, text/xml, application/xml, */*
      User-Agent: <https://github.com/ropensci/opencage>, version 0.2.1.9000
  response:
    status:
      status_code: '200'
      message: OK
      explanation: Request fulfilled, document follows
    headers:
      status: HTTP/1.1 200 OK
      date: Mon, 15 Feb 2021 20:31:19 GMT
      server: Apache
      access-control-allow-origin: '*'
      vary: Accept-Encoding
      content-encoding: gzip
      x-frame-options: DENY
      x-xss-protection: 1; mode=block
      content-length: '696'
      content-type: application/json; charset=utf-8
      strict-transport-security: max-age=31536000; includeSubDomains; preload
    body:
      encoding: UTF-8
      file: no
      string: '{"documentation":"https://opencagedata.com/api","licenses":[{"name":"see
        attribution guide","url":"https://opencagedata.com/credits"}],"request":{"abbrv":0,"add_request":1,"format":"json","key":"<<<oc_api_key>>>","language":"ja","limit":1,"min_confidence":0,"no_annotations":1,"no_dedupe":0,"no_record":1,"pretty":0,"proximity":"","query":"Los
        Angeles","roadinfo":0,"version":"v1"},"results":[{"bounds":{"northeast":{"lat":34.337306,"lng":-118.1552947},"southwest":{"lat":33.659541,"lng":-118.6681776}},"components":{"ISO_3166-1_alpha-2":"US","ISO_3166-1_alpha-3":"USA","_category":"place","_type":"city","city":"\u30ed\u30b5\u30f3\u30bc\u30eb\u30b9","continent":"North
        America","country":"\u30a2\u30e1\u30ea\u30ab\u5408\u8846\u56fd","country_code":"us","county":"Los
        Angeles County","state":"\u30ab\u30ea\u30d5\u30a9\u30eb\u30cb\u30a2\u5dde"},"confidence":1,"formatted":"\u30ed\u30b5\u30f3\u30bc\u30eb\u30b9,
        \u30ab\u30ea\u30d5\u30a9\u30eb\u30cb\u30a2\u5dde, \u30a2\u30e1\u30ea\u30ab\u5408\u8846\u56fd","geometry":{"lat":34.0536909,"lng":-118.242766}}],"status":{"code":200,"message":"OK"},"stay_informed":{"blog":"https://blog.opencagedata.com","twitter":"https://twitter.com/OpenCage"},"thanks":"For
        using an OpenCage API","timestamp":{"created_http":"Mon, 15 Feb 2021 20:31:19
        GMT","created_unix":1613421079},"total_results":1}'
  recorded_at: 2021-02-15 20:31:31 GMT
  recorded_with: vcr/0.6.0, webmockr/0.7.4
- request:
    method: get
    uri: https://api.opencagedata.com/geocode/v1/json?q=Flensburg&limit=2&no_annotations=1&roadinfo=0&no_dedupe=0&no_record=1&abbrv=0&add_request=1&key=<<<oc_api_key>>>
    body:
      encoding: ''
      string: ''
    headers:
      Accept-Encoding: gzip, deflate
      Accept: application/json, text/xml, application/xml, */*
      User-Agent: <https://github.com/ropensci/opencage>, version 0.2.1.9000
  response:
    status:
      status_code: '200'
      message: OK
      explanation: Request fulfilled, document follows
    headers:
      status: HTTP/1.1 200 OK
      date: Mon, 15 Feb 2021 20:31:20 GMT
      server: Apache
      access-control-allow-origin: '*'
      vary: Accept-Encoding
      content-encoding: gzip
      x-frame-options: DENY
      x-xss-protection: 1; mode=block
      content-length: '808'
      content-type: application/json; charset=utf-8
      strict-transport-security: max-age=31536000; includeSubDomains; preload
    body:
      encoding: UTF-8
      file: no
      string: '{"documentation":"https://opencagedata.com/api","licenses":[{"name":"see
        attribution guide","url":"https://opencagedata.com/credits"}],"request":{"abbrv":0,"add_request":1,"format":"json","key":"<<<oc_api_key>>>","language":"en","limit":2,"min_confidence":0,"no_annotations":1,"no_dedupe":0,"no_record":1,"pretty":0,"proximity":"","query":"Flensburg","roadinfo":0,"version":"v1"},"results":[{"bounds":{"northeast":{"lat":54.8370717,"lng":9.5068117},"southwest":{"lat":54.7517986,"lng":9.3573409}},"components":{"ISO_3166-1_alpha-2":"DE","ISO_3166-1_alpha-3":"DEU","_category":"place","_type":"city","continent":"Europe","country":"Germany","country_code":"de","political_union":"European
        Union","state":"Schleswig-Holstein","state_code":"SH","town":"Flensburg"},"confidence":7,"formatted":"Flensburg,
        Schleswig-Holstein, Germany","geometry":{"lat":54.7833021,"lng":9.4333264}},{"bounds":{"northeast":{"lat":45.96263,"lng":-94.49328},"southwest":{"lat":45.933386,"lng":-94.566634}},"components":{"ISO_3166-1_alpha-2":"US","ISO_3166-1_alpha-3":"USA","_category":"place","_type":"village","continent":"North
        America","country":"United States","country_code":"us","county":"Morrison
        County","postcode":"56328","state":"Minnesota","state_code":"MN","village":"Flensburg"},"confidence":7,"formatted":"Flensburg,
        MN 56328, United States of America","geometry":{"lat":45.9552432,"lng":-94.5350089}}],"status":{"code":200,"message":"OK"},"stay_informed":{"blog":"https://blog.opencagedata.com","twitter":"https://twitter.com/OpenCage"},"thanks":"For
        using an OpenCage API","timestamp":{"created_http":"Mon, 15 Feb 2021 20:31:20
        GMT","created_unix":1613421080},"total_results":2}'
  recorded_at: 2021-02-15 20:31:31 GMT
  recorded_with: vcr/0.6.0, webmockr/0.7.4
- request:
    method: get
    uri: https://api.opencagedata.com/geocode/v1/json?q=Los%20Angeles&limit=3&no_annotations=1&roadinfo=0&no_dedupe=0&no_record=1&abbrv=0&add_request=1&key=<<<oc_api_key>>>
    body:
      encoding: ''
      string: ''
    headers:
      Accept-Encoding: gzip, deflate
      Accept: application/json, text/xml, application/xml, */*
      User-Agent: <https://github.com/ropensci/opencage>, version 0.2.1.9000
  response:
    status:
      status_code: '200'
      message: OK
      explanation: Request fulfilled, document follows
    headers:
      status: HTTP/1.1 200 OK
      date: Mon, 15 Feb 2021 20:31:22 GMT
      server: Apache
      access-control-allow-origin: '*'
      vary: Accept-Encoding
      content-encoding: gzip
      x-frame-options: DENY
      x-xss-protection: 1; mode=block
      content-length: '868'
      content-type: application/json; charset=utf-8
      strict-transport-security: max-age=31536000; includeSubDomains; preload
    body:
      encoding: UTF-8
      file: no
      string: '{"documentation":"https://opencagedata.com/api","licenses":[{"name":"see
        attribution guide","url":"https://opencagedata.com/credits"}],"request":{"abbrv":0,"add_request":1,"format":"json","key":"<<<oc_api_key>>>","language":"en","limit":3,"min_confidence":0,"no_annotations":1,"no_dedupe":0,"no_record":1,"pretty":0,"proximity":"","query":"Los
        Angeles","roadinfo":0,"version":"v1"},"results":[{"bounds":{"northeast":{"lat":34.337306,"lng":-118.1552947},"southwest":{"lat":33.659541,"lng":-118.6681776}},"components":{"ISO_3166-1_alpha-2":"US","ISO_3166-1_alpha-3":"USA","_category":"place","_type":"city","city":"Los
        Angeles","continent":"North America","country":"United States","country_code":"us","county":"Los
        Angeles County","state":"California","state_code":"CA"},"confidence":1,"formatted":"Los
        Angeles, California, United States of America","geometry":{"lat":34.0536909,"lng":-118.242766}},{"bounds":{"northeast":{"lat":34.8233121,"lng":-117.64627},"southwest":{"lat":32.7969287,"lng":-118.9517221}},"components":{"ISO_3166-1_alpha-2":"US","ISO_3166-1_alpha-3":"USA","_category":"place","_type":"county","continent":"North
        America","country":"United States","country_code":"us","county":"Los Angeles
        County","state":"California","state_code":"CA"},"confidence":1,"formatted":"Los
        Angeles County, California, United States of America","geometry":{"lat":34.3155072,"lng":-118.2096814}},{"bounds":{"northeast":{"lat":9.4022923,"lng":-75.2213977},"southwest":{"lat":9.3778767,"lng":-75.2594562}},"components":{"ISO_3166-1_alpha-2":"CO","ISO_3166-1_alpha-3":"COL","_category":"place","_type":"city","city":"Los
        Angeles","continent":"South America","country":"Colombia","country_code":"co","county":"Los
        Palmitos","region":"Caribe","state":"Sucre","state_code":"SUC","state_district":"Montes
        de Mar\u00eda"},"confidence":7,"formatted":"Los Angeles, Los Palmitos, Colombia","geometry":{"lat":9.3900639,"lng":-75.2389229}}],"status":{"code":200,"message":"OK"},"stay_informed":{"blog":"https://blog.opencagedata.com","twitter":"https://twitter.com/OpenCage"},"thanks":"For
        using an OpenCage API","timestamp":{"created_http":"Mon, 15 Feb 2021 20:31:22
        GMT","created_unix":1613421082},"total_results":3}'
  recorded_at: 2021-02-15 20:31:31 GMT
  recorded_with: vcr/0.6.0, webmockr/0.7.4
- request:
    method: get
    uri: https://api.opencagedata.com/geocode/v1/json?q=Nantes&limit=1&min_confidence=7&no_annotations=1&roadinfo=0&no_dedupe=0&no_record=1&abbrv=0&add_request=1&key=<<<oc_api_key>>>
    body:
      encoding: ''
      string: ''
    headers:
      Accept-Encoding: gzip, deflate
      Accept: application/json, text/xml, application/xml, */*
      User-Agent: <https://github.com/ropensci/opencage>, version 0.2.1.9000
  response:
    status:
      status_code: '200'
      message: OK
      explanation: Request fulfilled, document follows
    headers:
      status: HTTP/1.1 200 OK
      date: Mon, 15 Feb 2021 20:31:23 GMT
      server: Apache
      access-control-allow-origin: '*'
      vary: Accept-Encoding
      content-encoding: gzip
      x-frame-options: DENY
      x-xss-protection: 1; mode=block
      content-length: '433'
      content-type: application/json; charset=utf-8
      strict-transport-security: max-age=31536000; includeSubDomains; preload
    body:
      encoding: UTF-8
      file: no
      string: '{"documentation":"https://opencagedata.com/api","licenses":[{"name":"see
        attribution guide","url":"https://opencagedata.com/credits"}],"request":{"abbrv":0,"add_request":1,"format":"json","key":"<<<oc_api_key>>>","language":"en","limit":1,"min_confidence":7,"no_annotations":1,"no_dedupe":0,"no_record":1,"pretty":0,"proximity":"","query":"Nantes","roadinfo":0,"version":"v1"},"results":[],"status":{"code":200,"message":"OK"},"stay_informed":{"blog":"https://blog.opencagedata.com","twitter":"https://twitter.com/OpenCage"},"thanks":"For
        using an OpenCage API","timestamp":{"created_http":"Mon, 15 Feb 2021 20:31:23
        GMT","created_unix":1613421083},"total_results":0}'
  recorded_at: 2021-02-15 20:31:31 GMT
  recorded_with: vcr/0.6.0, webmockr/0.7.4
- request:
    method: get
    uri: https://api.opencagedata.com/geocode/v1/json?q=Flensburg&limit=1&min_confidence=9&no_annotations=1&roadinfo=0&no_dedupe=0&no_record=1&abbrv=0&add_request=1&key=<<<oc_api_key>>>
    body:
      encoding: ''
      string: ''
    headers:
      Accept-Encoding: gzip, deflate
      Accept: application/json, text/xml, application/xml, */*
      User-Agent: <https://github.com/ropensci/opencage>, version 0.2.1.9000
  response:
    status:
      status_code: '200'
      message: OK
      explanation: Request fulfilled, document follows
    headers:
      status: HTTP/1.1 200 OK
      date: Mon, 15 Feb 2021 20:31:24 GMT
      server: Apache
      access-control-allow-origin: '*'
      vary: Accept-Encoding
      content-encoding: gzip
      x-frame-options: DENY
      x-xss-protection: 1; mode=block
      content-length: '434'
      content-type: application/json; charset=utf-8
      strict-transport-security: max-age=31536000; includeSubDomains; preload
    body:
      encoding: UTF-8
      file: no
      string: '{"documentation":"https://opencagedata.com/api","licenses":[{"name":"see
        attribution guide","url":"https://opencagedata.com/credits"}],"request":{"abbrv":0,"add_request":1,"format":"json","key":"<<<oc_api_key>>>","language":"en","limit":1,"min_confidence":9,"no_annotations":1,"no_dedupe":0,"no_record":1,"pretty":0,"proximity":"","query":"Flensburg","roadinfo":0,"version":"v1"},"results":[],"status":{"code":200,"message":"OK"},"stay_informed":{"blog":"https://blog.opencagedata.com","twitter":"https://twitter.com/OpenCage"},"thanks":"For
        using an OpenCage API","timestamp":{"created_http":"Mon, 15 Feb 2021 20:31:24
        GMT","created_unix":1613421084},"total_results":0}'
  recorded_at: 2021-02-15 20:31:31 GMT
  recorded_with: vcr/0.6.0, webmockr/0.7.4
- request:
    method: get
    uri: https://api.opencagedata.com/geocode/v1/json?q=Los%20Angeles&limit=1&min_confidence=3&no_annotations=1&roadinfo=0&no_dedupe=0&no_record=1&abbrv=0&add_request=1&key=<<<oc_api_key>>>
    body:
      encoding: ''
      string: ''
    headers:
      Accept-Encoding: gzip, deflate
      Accept: application/json, text/xml, application/xml, */*
      User-Agent: <https://github.com/ropensci/opencage>, version 0.2.1.9000
  response:
    status:
      status_code: '200'
      message: OK
      explanation: Request fulfilled, document follows
    headers:
      status: HTTP/1.1 200 OK
      date: Mon, 15 Feb 2021 20:31:26 GMT
      server: Apache
      access-control-allow-origin: '*'
      vary: Accept-Encoding
      content-encoding: gzip
      x-frame-options: DENY
      x-xss-protection: 1; mode=block
      content-length: '437'
      content-type: application/json; charset=utf-8
      strict-transport-security: max-age=31536000; includeSubDomains; preload
    body:
      encoding: UTF-8
      file: no
      string: '{"documentation":"https://opencagedata.com/api","licenses":[{"name":"see
        attribution guide","url":"https://opencagedata.com/credits"}],"request":{"abbrv":0,"add_request":1,"format":"json","key":"<<<oc_api_key>>>","language":"en","limit":1,"min_confidence":3,"no_annotations":1,"no_dedupe":0,"no_record":1,"pretty":0,"proximity":"","query":"Los
        Angeles","roadinfo":0,"version":"v1"},"results":[],"status":{"code":200,"message":"OK"},"stay_informed":{"blog":"https://blog.opencagedata.com","twitter":"https://twitter.com/OpenCage"},"thanks":"For
        using an OpenCage API","timestamp":{"created_http":"Mon, 15 Feb 2021 20:31:26
        GMT","created_unix":1613421086},"total_results":0}'
  recorded_at: 2021-02-15 20:31:31 GMT
  recorded_with: vcr/0.6.0, webmockr/0.7.4
- request:
    method: get
    uri: https://api.opencagedata.com/geocode/v1/json?q=Nantes&limit=1&no_annotations=0&roadinfo=0&no_dedupe=0&no_record=1&abbrv=0&add_request=1&key=<<<oc_api_key>>>
    body:
      encoding: ''
      string: ''
    headers:
      Accept-Encoding: gzip, deflate
      Accept: application/json, text/xml, application/xml, */*
      User-Agent: <https://github.com/ropensci/opencage>, version 0.2.1.9000
  response:
    status:
      status_code: '200'
      message: OK
      explanation: Request fulfilled, document follows
    headers:
      status: HTTP/1.1 200 OK
      date: Mon, 15 Feb 2021 20:31:27 GMT
      server: Apache
      access-control-allow-origin: '*'
      vary: Accept-Encoding
      content-encoding: gzip
      x-frame-options: DENY
      x-xss-protection: 1; mode=block
      content-length: '1372'
      content-type: application/json; charset=utf-8
      strict-transport-security: max-age=31536000; includeSubDomains; preload
    body:
      encoding: UTF-8
      file: no
      string: '{"documentation":"https://opencagedata.com/api","licenses":[{"name":"see
        attribution guide","url":"https://opencagedata.com/credits"}],"request":{"abbrv":0,"add_request":1,"format":"json","key":"<<<oc_api_key>>>","language":"en","limit":1,"min_confidence":0,"no_annotations":0,"no_dedupe":0,"no_record":1,"pretty":0,"proximity":"","query":"Nantes","roadinfo":0,"version":"v1"},"results":[{"annotations":{"DMS":{"lat":"47\u00b0
        13'' 7.09356'''' N","lng":"1\u00b0 33'' 14.89032'''' W"},"MGRS":"30TXT0947230474","Maidenhead":"IN97ff32ml","Mercator":{"x":-173005.65,"y":5946458.772},"OSM":{"edit_url":"https://www.openstreetmap.org/edit?relation=59874#map=17/47.21864/-1.55414","note_url":"https://www.openstreetmap.org/note/new#map=17/47.21864/-1.55414&layers=N","url":"https://www.openstreetmap.org/?mlat=47.21864&mlon=-1.55414#map=17/47.21864/-1.55414"},"UN_M49":{"regions":{"EUROPE":"150","FR":"250","WESTERN_EUROPE":"155","WORLD":"001"},"statistical_groupings":["MEDC"]},"callingcode":33,"currency":{"alternate_symbols":[],"decimal_mark":",","html_entity":"&#x20AC;","iso_code":"EUR","iso_numeric":"978","name":"Euro","smallest_denomination":1,"subunit":"Cent","subunit_to_unit":100,"symbol":"\u20ac","symbol_first":0,"thousands_separator":"."},"flag":"\ud83c\uddeb\ud83c\uddf7","geohash":"gbquseuk6pbjcf41wyq0","qibla":113.27,"roadinfo":{"drive_on":"right","speed_in":"km/h"},"sun":{"rise":{"apparent":1613373120,"astronomical":1613366940,"civil":1613371200,"nautical":1613369100},"set":{"apparent":1613410200,"astronomical":1613416320,"civil":1613412060,"nautical":1613414220}},"timezone":{"name":"Europe/Paris","now_in_dst":0,"offset_sec":3600,"offset_string":"+0100","short_name":"CET"},"what3words":{"words":"nozzles.notices.includes"},"wikidata":"Q12191"},"bounds":{"northeast":{"lat":47.2958583,"lng":-1.4788443},"southwest":{"lat":47.1805856,"lng":-1.6418115}},"components":{"ISO_3166-1_alpha-2":"FR","ISO_3166-1_alpha-3":"FRA","_category":"place","_type":"city","city":"Nantes","continent":"Europe","country":"France","country_code":"fr","county":"Loire-Atlantique","municipality":"Nantes","political_union":"European
        Union","state":"Pays de la Loire","state_code":"PDL"},"confidence":6,"formatted":"Nantes,
        Loire-Atlantique, France","geometry":{"lat":47.2186371,"lng":-1.5541362}}],"status":{"code":200,"message":"OK"},"stay_informed":{"blog":"https://blog.opencagedata.com","twitter":"https://twitter.com/OpenCage"},"thanks":"For
        using an OpenCage API","timestamp":{"created_http":"Mon, 15 Feb 2021 20:31:27
        GMT","created_unix":1613421087},"total_results":1}'
  recorded_at: 2021-02-15 20:31:31 GMT
  recorded_with: vcr/0.6.0, webmockr/0.7.4
- request:
    method: get
    uri: https://api.opencagedata.com/geocode/v1/json?q=Elbphilharmonie%20Hamburg&limit=1&no_annotations=1&roadinfo=1&no_dedupe=0&no_record=1&abbrv=0&add_request=1&key=<<<oc_api_key>>>
    body:
      encoding: ''
      string: ''
    headers:
      Accept-Encoding: gzip, deflate
      Accept: application/json, text/xml, application/xml, */*
      User-Agent: <https://github.com/ropensci/opencage>, version 0.2.1.9000
  response:
    status:
      status_code: '200'
      message: OK
      explanation: Request fulfilled, document follows
    headers:
      status: HTTP/1.1 200 OK
      date: Mon, 15 Feb 2021 20:31:28 GMT
      server: Apache
      access-control-allow-origin: '*'
      vary: Accept-Encoding
      content-encoding: gzip
      x-frame-options: DENY
      x-xss-protection: 1; mode=block
      content-length: '820'
      content-type: application/json; charset=utf-8
      strict-transport-security: max-age=31536000; includeSubDomains; preload
    body:
      encoding: UTF-8
      file: no
      string: '{"documentation":"https://opencagedata.com/api","licenses":[{"name":"see
        attribution guide","url":"https://opencagedata.com/credits"}],"request":{"abbrv":0,"add_request":1,"format":"json","key":"<<<oc_api_key>>>","language":"en","limit":1,"min_confidence":0,"no_annotations":1,"no_dedupe":0,"no_record":1,"pretty":0,"proximity":"","query":"Elbphilharmonie
        Hamburg","roadinfo":1,"version":"v1"},"results":[{"annotations":{"roadinfo":{"drive_on":"right","road":"Platz
        der Deutschen Einheit","speed_in":"km/h"}},"bounds":{"northeast":{"lat":53.5416212,"lng":9.9849674},"southwest":{"lat":53.540877,"lng":9.9832434}},"components":{"ISO_3166-1_alpha-2":"DE","ISO_3166-1_alpha-3":"DEU","_category":"travel/tourism","_type":"attraction","attraction":"Elbe
        Philharmonic Hall","borough":"Hamburg-Mitte","city":"Hamburg","continent":"Europe","country":"Germany","country_code":"de","house_number":"1","neighbourhood":"Quartier
        Am Sandtorkai/Dalmannkai","political_union":"European Union","postcode":"20457","road":"Platz
        der Deutschen Einheit","state":"Hamburg","state_code":"HH","suburb":"HafenCity"},"confidence":9,"formatted":"Elbe
        Philharmonic Hall, Platz der Deutschen Einheit 1, 20457 Hamburg, Germany","geometry":{"lat":53.5412916,"lng":9.9842058}}],"status":{"code":200,"message":"OK"},"stay_informed":{"blog":"https://blog.opencagedata.com","twitter":"https://twitter.com/OpenCage"},"thanks":"For
        using an OpenCage API","timestamp":{"created_http":"Mon, 15 Feb 2021 20:31:28
        GMT","created_unix":1613421088},"total_results":1}'
  recorded_at: 2021-02-15 20:31:31 GMT
  recorded_with: vcr/0.6.0, webmockr/0.7.4
- request:
    method: get
    uri: https://api.opencagedata.com/geocode/v1/json?q=Los%20Angeles%20City%20Hall&limit=1&no_annotations=1&roadinfo=1&no_dedupe=0&no_record=1&abbrv=0&add_request=1&key=<<<oc_api_key>>>
    body:
      encoding: ''
      string: ''
    headers:
      Accept-Encoding: gzip, deflate
      Accept: application/json, text/xml, application/xml, */*
      User-Agent: <https://github.com/ropensci/opencage>, version 0.2.1.9000
  response:
    status:
      status_code: '200'
      message: OK
      explanation: Request fulfilled, document follows
    headers:
      status: HTTP/1.1 200 OK
      date: Mon, 15 Feb 2021 20:31:29 GMT
      server: Apache
      access-control-allow-origin: '*'
      vary: Accept-Encoding
      content-encoding: gzip
      x-frame-options: DENY
      x-xss-protection: 1; mode=block
      content-length: '770'
      content-type: application/json; charset=utf-8
      strict-transport-security: max-age=31536000; includeSubDomains; preload
    body:
      encoding: UTF-8
      file: no
      string: '{"documentation":"https://opencagedata.com/api","licenses":[{"name":"see
        attribution guide","url":"https://opencagedata.com/credits"}],"request":{"abbrv":0,"add_request":1,"format":"json","key":"<<<oc_api_key>>>","language":"en","limit":1,"min_confidence":0,"no_annotations":1,"no_dedupe":0,"no_record":1,"pretty":0,"proximity":"","query":"Los
        Angeles City Hall","roadinfo":1,"version":"v1"},"results":[{"annotations":{"roadinfo":{"drive_on":"right","road":"North
        Spring Street","speed_in":"mph"}},"bounds":{"northeast":{"lat":34.0538267,"lng":-118.2428487},"southwest":{"lat":34.0537267,"lng":-118.2429487}},"components":{"ISO_3166-1_alpha-2":"US","ISO_3166-1_alpha-3":"USA","_category":"government","_type":"townhall","city":"Los
        Angeles","continent":"North America","country":"United States","country_code":"us","county":"Los
        Angeles County","house_number":"200","neighbourhood":"Civic Center","postcode":"90012","road":"North
        Spring Street","state":"California","state_code":"CA","suburb":"Downtown","townhall":"Los
        Angeles City Hall"},"confidence":9,"formatted":"Los Angeles City Hall, 200
        North Spring Street, Los Angeles, CA 90012, United States of America","geometry":{"lat":34.0537767,"lng":-118.2428987}}],"status":{"code":200,"message":"OK"},"stay_informed":{"blog":"https://blog.opencagedata.com","twitter":"https://twitter.com/OpenCage"},"thanks":"For
        using an OpenCage API","timestamp":{"created_http":"Mon, 15 Feb 2021 20:31:29
        GMT","created_unix":1613421089},"total_results":1}'
  recorded_at: 2021-02-15 20:31:31 GMT
  recorded_with: vcr/0.6.0, webmockr/0.7.4
- request:
    method: get
    uri: https://api.opencagedata.com/geocode/v1/json?q=Los%20Angeles&limit=1&no_annotations=1&roadinfo=0&no_dedupe=0&no_record=1&abbrv=1&add_request=1&key=<<<oc_api_key>>>
    body:
      encoding: ''
      string: ''
    headers:
      Accept-Encoding: gzip, deflate
      Accept: application/json, text/xml, application/xml, */*
      User-Agent: <https://github.com/ropensci/opencage>, version 0.2.1.9000
  response:
    status:
      status_code: '200'
      message: OK
      explanation: Request fulfilled, document follows
    headers:
      status: HTTP/1.1 200 OK
      date: Mon, 15 Feb 2021 20:31:31 GMT
      server: Apache
      access-control-allow-origin: '*'
      vary: Accept-Encoding
      content-encoding: gzip
      x-frame-options: DENY
      x-xss-protection: 1; mode=block
      content-length: '654'
      content-type: application/json; charset=utf-8
      strict-transport-security: max-age=31536000; includeSubDomains; preload
    body:
      encoding: UTF-8
      file: no
      string: '{"documentation":"https://opencagedata.com/api","licenses":[{"name":"see
        attribution guide","url":"https://opencagedata.com/credits"}],"request":{"abbrv":1,"add_request":1,"format":"json","key":"<<<oc_api_key>>>","language":"en","limit":1,"min_confidence":0,"no_annotations":1,"no_dedupe":0,"no_record":1,"pretty":0,"proximity":"","query":"Los
        Angeles","roadinfo":0,"version":"v1"},"results":[{"bounds":{"northeast":{"lat":34.337306,"lng":-118.1552947},"southwest":{"lat":33.659541,"lng":-118.6681776}},"components":{"ISO_3166-1_alpha-2":"US","ISO_3166-1_alpha-3":"USA","_category":"place","_type":"city","city":"Los
        Angeles","continent":"North America","country":"United States","country_code":"us","county":"Los
        Angeles County","state":"California","state_code":"CA"},"confidence":1,"formatted":"Los
        Angeles, California, USA","geometry":{"lat":34.0536909,"lng":-118.242766}}],"status":{"code":200,"message":"OK"},"stay_informed":{"blog":"https://blog.opencagedata.com","twitter":"https://twitter.com/OpenCage"},"thanks":"For
        using an OpenCage API","timestamp":{"created_http":"Mon, 15 Feb 2021 20:31:31
        GMT","created_unix":1613421091},"total_results":1}'
  recorded_at: 2021-02-15 20:31:31 GMT
  recorded_with: vcr/0.6.0, webmockr/0.7.4
